{
	"context": [
		{
			"key": "re-source",
			"val": "id"
		},
		{
			"key": "more",
			"val": "info"
		}
	],
	"description": "test error two description",
	"trace": [
		"--REPLACED--/json_test.go:209",
		"--REPLACED--/json_test.go:210",
		"--REPLACED--/json_test.go:211",
		"--REPLACED--/json_test.go:212"
	]
}
